Archive member included to satisfy reference by file (symbol)

/nix/store/7cgn622cqyz41hw4z07lv305pfk5n6r0-source/bin/../lib/gcc/riscv-none-elf/13.2.0/../../../../riscv-none-elf/lib/rv32imafc_zicsr/ilp32f/libg_nano.a(libc_a-printf.o)
                              ./build/./app/Core/main.c.o (printf)
/nix/store/7cgn622cqyz41hw4z07lv305pfk5n6r0-source/bin/../lib/gcc/riscv-none-elf/13.2.0/../../../../riscv-none-elf/lib/rv32imafc_zicsr/ilp32f/libg_nano.a(libc_a-puts.o)
                              ./build/./app/USBHost_App/usb_host_app.c.o (puts)
/nix/store/7cgn622cqyz41hw4z07lv305pfk5n6r0-source/bin/../lib/gcc/riscv-none-elf/13.2.0/../../../../riscv-none-elf/lib/rv32imafc_zicsr/ilp32f/libg_nano.a(libc_a-wbuf.o)
                              /nix/store/7cgn622cqyz41hw4z07lv305pfk5n6r0-source/bin/../lib/gcc/riscv-none-elf/13.2.0/../../../../riscv-none-elf/lib/rv32imafc_zicsr/ilp32f/libg_nano.a(libc_a-puts.o) (__swbuf_r)
/nix/store/7cgn622cqyz41hw4z07lv305pfk5n6r0-source/bin/../lib/gcc/riscv-none-elf/13.2.0/../../../../riscv-none-elf/lib/rv32imafc_zicsr/ilp32f/libg_nano.a(libc_a-wsetup.o)
                              /nix/store/7cgn622cqyz41hw4z07lv305pfk5n6r0-source/bin/../lib/gcc/riscv-none-elf/13.2.0/../../../../riscv-none-elf/lib/rv32imafc_zicsr/ilp32f/libg_nano.a(libc_a-puts.o) (__swsetup_r)
/nix/store/7cgn622cqyz41hw4z07lv305pfk5n6r0-source/bin/../lib/gcc/riscv-none-elf/13.2.0/../../../../riscv-none-elf/lib/rv32imafc_zicsr/ilp32f/libg_nano.a(libc_a-impure.o)
                              /nix/store/7cgn622cqyz41hw4z07lv305pfk5n6r0-source/bin/../lib/gcc/riscv-none-elf/13.2.0/../../../../riscv-none-elf/lib/rv32imafc_zicsr/ilp32f/libg_nano.a(libc_a-printf.o) (_impure_ptr)
/nix/store/7cgn622cqyz41hw4z07lv305pfk5n6r0-source/bin/../lib/gcc/riscv-none-elf/13.2.0/../../../../riscv-none-elf/lib/rv32imafc_zicsr/ilp32f/libg_nano.a(libc_a-lock.o)
                              /nix/store/7cgn622cqyz41hw4z07lv305pfk5n6r0-source/bin/../lib/gcc/riscv-none-elf/13.2.0/../../../../riscv-none-elf/lib/rv32imafc_zicsr/ilp32f/libg_nano.a(libc_a-puts.o) (__retarget_lock_acquire_recursive)
/nix/store/7cgn622cqyz41hw4z07lv305pfk5n6r0-source/bin/../lib/gcc/riscv-none-elf/13.2.0/../../../../riscv-none-elf/lib/rv32imafc_zicsr/ilp32f/libg_nano.a(libc_a-memset.o)
                              ./build/./app/USBHost_App/usb_host_app.c.o (memset)
/nix/store/7cgn622cqyz41hw4z07lv305pfk5n6r0-source/bin/../lib/gcc/riscv-none-elf/13.2.0/../../../../riscv-none-elf/lib/rv32imafc_zicsr/ilp32f/libg_nano.a(libc_a-memcpy-asm.o)
                              ./build/./vendor/openwch/USB_Host/ch32v20x_usbfs_host.c.o (memcpy)
/nix/store/7cgn622cqyz41hw4z07lv305pfk5n6r0-source/bin/../lib/gcc/riscv-none-elf/13.2.0/../../../../riscv-none-elf/lib/rv32imafc_zicsr/ilp32f/libg_nano.a(libc_a-freer.o)
                              /nix/store/7cgn622cqyz41hw4z07lv305pfk5n6r0-source/bin/../lib/gcc/riscv-none-elf/13.2.0/../../../../riscv-none-elf/lib/rv32imafc_zicsr/ilp32f/libg_nano.a(libc_a-wsetup.o) (_free_r)
/nix/store/7cgn622cqyz41hw4z07lv305pfk5n6r0-source/bin/../lib/gcc/riscv-none-elf/13.2.0/../../../../riscv-none-elf/lib/rv32imafc_zicsr/ilp32f/libg_nano.a(libc_a-mallocr.o)
                              /nix/store/7cgn622cqyz41hw4z07lv305pfk5n6r0-source/bin/../lib/gcc/riscv-none-elf/13.2.0/../../../../riscv-none-elf/lib/rv32imafc_zicsr/ilp32f/libg_nano.a(libc_a-freer.o) (__malloc_free_list)
/nix/store/7cgn622cqyz41hw4z07lv305pfk5n6r0-source/bin/../lib/gcc/riscv-none-elf/13.2.0/../../../../riscv-none-elf/lib/rv32imafc_zicsr/ilp32f/libg_nano.a(libc_a-mlock.o)
                              /nix/store/7cgn622cqyz41hw4z07lv305pfk5n6r0-source/bin/../lib/gcc/riscv-none-elf/13.2.0/../../../../riscv-none-elf/lib/rv32imafc_zicsr/ilp32f/libg_nano.a(libc_a-freer.o) (__malloc_lock)
/nix/store/7cgn622cqyz41hw4z07lv305pfk5n6r0-source/bin/../lib/gcc/riscv-none-elf/13.2.0/../../../../riscv-none-elf/lib/rv32imafc_zicsr/ilp32f/libg_nano.a(libc_a-nano-vfprintf.o)
                              /nix/store/7cgn622cqyz41hw4z07lv305pfk5n6r0-source/bin/../lib/gcc/riscv-none-elf/13.2.0/../../../../riscv-none-elf/lib/rv32imafc_zicsr/ilp32f/libg_nano.a(libc_a-printf.o) (_vfprintf_r)
/nix/store/7cgn622cqyz41hw4z07lv305pfk5n6r0-source/bin/../lib/gcc/riscv-none-elf/13.2.0/../../../../riscv-none-elf/lib/rv32imafc_zicsr/ilp32f/libg_nano.a(libc_a-nano-vfprintf_i.o)
                              /nix/store/7cgn622cqyz41hw4z07lv305pfk5n6r0-source/bin/../lib/gcc/riscv-none-elf/13.2.0/../../../../riscv-none-elf/lib/rv32imafc_zicsr/ilp32f/libg_nano.a(libc_a-nano-vfprintf.o) (_printf_i)
/nix/store/7cgn622cqyz41hw4z07lv305pfk5n6r0-source/bin/../lib/gcc/riscv-none-elf/13.2.0/../../../../riscv-none-elf/lib/rv32imafc_zicsr/ilp32f/libg_nano.a(libc_a-fflush.o)
                              /nix/store/7cgn622cqyz41hw4z07lv305pfk5n6r0-source/bin/../lib/gcc/riscv-none-elf/13.2.0/../../../../riscv-none-elf/lib/rv32imafc_zicsr/ilp32f/libg_nano.a(libc_a-wbuf.o) (_fflush_r)
[...]
Memory Configuration

Name             Origin             Length             Attributes
FLASH            0x00000000         0x00010000         xr
RAM              0x20000000         0x00005000         xrw
*default*        0x00000000         0xffffffff

Linker script and memory map

LOAD ./build/./app/Core/main.c.o
LOAD ./build/./app/USBHost_App/usb_host_app.c.o
LOAD ./build/./vendor/openwch/Core/core_riscv.c.o
LOAD ./build/./vendor/openwch/Debug/debug.c.o
LOAD ./build/./vendor/openwch/Peripheral/src/ch32v20x_bkp.c.o
LOAD ./build/./vendor/openwch/Peripheral/src/ch32v20x_i2c.c.o
LOAD ./build/./vendor/openwch/Peripheral/src/ch32v20x_pwr.c.o
LOAD ./build/./vendor/openwch/Peripheral/src/ch32v20x_iwdg.c.o
LOAD ./build/./vendor/openwch/Peripheral/src/ch32v20x_dbgmcu.c.o
LOAD ./build/./vendor/openwch/Peripheral/src/ch32v20x_misc.c.o
LOAD ./build/./vendor/openwch/Peripheral/src/ch32v20x_rtc.c.o
LOAD ./build/./vendor/openwch/Peripheral/src/ch32v20x_dma.c.o
LOAD ./build/./vendor/openwch/Peripheral/src/ch32v20x_tim.c.o
LOAD ./build/./vendor/openwch/Peripheral/src/ch32v20x_exti.c.o
LOAD ./build/./vendor/openwch/Peripheral/src/ch32v20x_wwdg.c.o
LOAD ./build/./vendor/openwch/Peripheral/src/ch32v20x_spi.c.o
LOAD ./build/./vendor/openwch/Peripheral/src/ch32v20x_crc.c.o
LOAD ./build/./vendor/openwch/Peripheral/src/ch32v20x_usart.c.o
LOAD ./build/./vendor/openwch/Peripheral/src/ch32v20x_adc.c.o
LOAD ./build/./vendor/openwch/Peripheral/src/ch32v20x_gpio.c.o
LOAD ./build/./vendor/openwch/Peripheral/src/ch32v20x_rcc.c.o
LOAD ./build/./vendor/openwch/Peripheral/src/ch32v20x_can.c.o
LOAD ./build/./vendor/openwch/Peripheral/src/ch32v20x_opa.c.o
LOAD ./build/./vendor/openwch/Peripheral/src/ch32v20x_flash.c.o
LOAD ./build/./vendor/openwch/Startup/startup_ch32v20x_D6.S.o
LOAD ./build/./vendor/openwch/User/system_ch32v20x.c.o
LOAD ./build/./vendor/openwch/User/ch32v20x_it.c.o
LOAD ./build/./vendor/openwch/USB_Host/ch32v20x_usbfs_host.c.o
LOAD ./build/./vendor/openwch/USB_Host/usb_host_hid.c.o
LOAD ./build/./vendor/openwch/USB_Host/usb_host_hub.c.o
LOAD /nix/store/7cgn622cqyz41hw4z07lv305pfk5n6r0-source/bin/../lib/gcc/riscv-none-elf/13.2.0/rv32imafc_zicsr/ilp32f/libgcc.a
LOAD /nix/store/7cgn622cqyz41hw4z07lv305pfk5n6r0-source/bin/../lib/gcc/riscv-none-elf/13.2.0/../../../../riscv-none-elf/lib/rv32imafc_zicsr/ilp32f/libg_nano.a
LOAD /nix/store/7cgn622cqyz41hw4z07lv305pfk5n6r0-source/bin/../lib/gcc/riscv-none-elf/13.2.0/../../../../riscv-none-elf/lib/rv32imafc_zicsr/ilp32f/libc_nano.a
LOAD /nix/store/7cgn622cqyz41hw4z07lv305pfk5n6r0-source/bin/../lib/gcc/riscv-none-elf/13.2.0/rv32imafc_zicsr/ilp32f/libgcc.a
START GROUP
LOAD /nix/store/7cgn622cqyz41hw4z07lv305pfk5n6r0-source/bin/../lib/gcc/riscv-none-elf/13.2.0/rv32imafc_zicsr/ilp32f/libgcc.a
LOAD /nix/store/7cgn622cqyz41hw4z07lv305pfk5n6r0-source/bin/../lib/gcc/riscv-none-elf/13.2.0/../../../../riscv-none-elf/lib/rv32imafc_zicsr/ilp32f/libc_nano.a
LOAD /nix/store/7cgn622cqyz41hw4z07lv305pfk5n6r0-source/bin/../lib/gcc/riscv-none-elf/13.2.0/../../../../riscv-none-elf/lib/rv32imafc_zicsr/ilp32f/libnosys.a
END GROUP
START GROUP
LOAD /nix/store/7cgn622cqyz41hw4z07lv305pfk5n6r0-source/bin/../lib/gcc/riscv-none-elf/13.2.0/rv32imafc_zicsr/ilp32f/libgcc.a
LOAD /nix/store/7cgn622cqyz41hw4z07lv305pfk5n6r0-source/bin/../lib/gcc/riscv-none-elf/13.2.0/../../../../riscv-none-elf/lib/rv32imafc_zicsr/ilp32f/libc_nano.a
LOAD /nix/store/7cgn622cqyz41hw4z07lv305pfk5n6r0-source/bin/../lib/gcc/riscv-none-elf/13.2.0/../../../../riscv-none-elf/lib/rv32imafc_zicsr/ilp32f/libnosys.a
END GROUP
                0x00000800                        __stack_size = 0x800
                [!provide]                        PROVIDE (_stack_size = __stack_size)

.init           0x00000000        0x4
                0x00000000                        _sinit = .
                0x00000000                        . = ALIGN (0x4)
 *(SORT_NONE(.init))
 .init          0x00000000        0x4 ./build/./vendor/openwch/Startup/startup_ch32v20x_D6.S.o
                0x00000000                _start
                0x00000004                        . = ALIGN (0x4)
                0x00000004                        _einit = .

.vector         0x00000004       0xfc
 *(.vector)
 .vector        0x00000004       0xfc ./build/./vendor/openwch/Startup/startup_ch32v20x_D6.S.o
                0x00000100                        . = ALIGN (0x40)

.text           0x00000100     0x23d0
                0x00000100                        . = ALIGN (0x4)
 *(.text)
 .text          0x00000100       0x10 /nix/store/7cgn622cqyz41hw4z07lv305pfk5n6r0-source/bin/../lib/gcc/riscv-none-elf/13.2.0/../../../../riscv-none-elf/lib/rv32imafc_zicsr/ilp32f/libg_nano.a(libc_a-memset.o)
                0x00000100                memset
 *(.text.*)
 .text.startup.main
                0x00000110       0x82 ./build/./app/Core/main.c.o
                0x00000110                main
 .text.PrintData
                0x00000192       0x40 ./build/./app/USBHost_App/usb_host_app.c.o
                0x00000192                PrintData
 .text.USBH_AnalyseType
                0x000001d2       0x48 ./build/./app/USBHost_App/usb_host_app.c.o
                0x000001d2                USBH_AnalyseType
 .text.USBH_EnumDevice
                0x0000021a      0x1b2 ./build/./app/USBHost_App/usb_host_app.c.o
                0x0000021a                USBH_EnumDevice
 .text.USBH_HostInit
                0x000003cc       0x2a ./build/./app/USBHost_App/usb_host_app.c.o
                0x000003cc                USBH_HostInit
 .text.USBH_HostApp
                0x000003f6       0x86 ./build/./app/USBHost_App/usb_host_app.c.o
                0x000003f6                USBH_HostApp
 .text.Delay_Init
                0x0000047c       0x2a ./build/./vendor/openwch/Debug/debug.c.o
                0x0000047c                Delay_Init
 .text.Delay_Us
                0x000004a6       0x36 ./build/./vendor/openwch/Debug/debug.c.o
                0x000004a6                Delay_Us
 .text.Delay_Ms
                0x000004dc       0x36 ./build/./vendor/openwch/Debug/debug.c.o
                0x000004dc                Delay_Ms
 .text.USART_Printf_Init
                0x00000512       0x5a ./build/./vendor/openwch/Debug/debug.c.o
                0x00000512                USART_Printf_Init
 .text._write   0x0000056c       0x4c ./build/./vendor/openwch/Debug/debug.c.o
                0x0000056c                _write
 .text._sbrk    0x000005b8       0x2a ./build/./vendor/openwch/Debug/debug.c.o
                0x000005b8                _sbrk
 .text.NVIC_PriorityGroupConfig
                0x000005e2        0x6 ./build/./vendor/openwch/Peripheral/src/ch32v20x_misc.c.o
                0x000005e2                NVIC_PriorityGroupConfig
 .text.USART_Init
                0x000005e8       0xaa ./build/./vendor/openwch/Peripheral/src/ch32v20x_usart.c.o
                0x000005e8                USART_Init
 .text.USART_Cmd
                0x00000692       0x18 ./build/./vendor/openwch/Peripheral/src/ch32v20x_usart.c.o
                0x00000692                USART_Cmd
 .text.USART_SendData
                0x000006aa        0xa ./build/./vendor/openwch/Peripheral/src/ch32v20x_usart.c.o
                0x000006aa                USART_SendData
 .text.USART_GetFlagStatus
                0x000006b4        0xc ./build/./vendor/openwch/Peripheral/src/ch32v20x_usart.c.o
                0x000006b4                USART_GetFlagStatus
 .text.GPIO_Init
                0x000006c0       0xf8 ./build/./vendor/openwch/Peripheral/src/ch32v20x_gpio.c.o
                0x000006c0                GPIO_Init
 .text.RCC_USBCLKConfig
                0x000007b8       0x1a ./build/./vendor/openwch/Peripheral/src/ch32v20x_rcc.c.o
                0x000007b8                RCC_USBCLKConfig
 .text.RCC_GetClocksFreq
                0x000007d2       0xba ./build/./vendor/openwch/Peripheral/src/ch32v20x_rcc.c.o
                0x000007d2                RCC_GetClocksFreq
 .text.RCC_AHBPeriphClockCmd
                0x0000088c       0x1e ./build/./vendor/openwch/Peripheral/src/ch32v20x_rcc.c.o
                0x0000088c                RCC_AHBPeriphClockCmd
 .text.RCC_APB2PeriphClockCmd
                0x000008aa       0x1e ./build/./vendor/openwch/Peripheral/src/ch32v20x_rcc.c.o
                0x000008aa                RCC_APB2PeriphClockCmd
 .text.vector_handler
                0x000008c8        0x2 ./build/./vendor/openwch/Startup/startup_ch32v20x_D6.S.o
                0x000008c8                EXTI2_IRQHandler
                0x000008c8                TIM1_CC_IRQHandler
                0x000008c8                SysTick_Handler
                0x000008c8                PVD_IRQHandler
                0x000008c8                EXTI3_IRQHandler
                0x000008c8                USBFS_IRQHandler
                0x000008c8                EXTI0_IRQHandler
                0x000008c8                I2C2_EV_IRQHandler
                0x000008c8                ADC1_2_IRQHandler
                0x000008c8                Break_Point_Handler
                0x000008c8                SPI1_IRQHandler
                0x000008c8                TAMPER_IRQHandler
                0x000008c8                Ecall_M_Mode_Handler
                0x000008c8                DMA1_Channel4_IRQHandler
                0x000008c8                USART3_IRQHandler
                0x000008c8                RTC_IRQHandler
                0x000008c8                DMA1_Channel7_IRQHandler
                0x000008c8                CAN1_RX1_IRQHandler
                0x000008c8                TIM4_IRQHandler
                0x000008c8                I2C1_EV_IRQHandler
                0x000008c8                DMA1_Channel6_IRQHandler
                0x000008c8                UART4_IRQHandler
                0x000008c8                TIM3_IRQHandler
                0x000008c8                RCC_IRQHandler
                0x000008c8                TIM1_TRG_COM_IRQHandler
                0x000008c8                DMA1_Channel1_IRQHandler
                0x000008c8                EXTI15_10_IRQHandler
                0x000008c8                DMA1_Channel8_IRQHandler
                0x000008c8                EXTI9_5_IRQHandler
                0x000008c8                SPI2_IRQHandler
                0x000008c8                DMA1_Channel5_IRQHandler
                0x000008c8                EXTI4_IRQHandler
                0x000008c8                USB_LP_CAN1_RX0_IRQHandler
                0x000008c8                USB_HP_CAN1_TX_IRQHandler
                0x000008c8                DMA1_Channel3_IRQHandler
                0x000008c8                TIM1_UP_IRQHandler
                0x000008c8                WWDG_IRQHandler
                0x000008c8                Ecall_U_Mode_Handler
                0x000008c8                TIM2_IRQHandler
                0x000008c8                SW_Handler
                0x000008c8                TIM1_BRK_IRQHandler
                0x000008c8                EXTI1_IRQHandler
                0x000008c8                RTCAlarm_IRQHandler
                0x000008c8                USART2_IRQHandler
                0x000008c8                I2C2_ER_IRQHandler
                0x000008c8                DMA1_Channel2_IRQHandler
                0x000008c8                CAN1_SCE_IRQHandler
                0x000008c8                FLASH_IRQHandler
                0x000008c8                USBFSWakeUp_IRQHandler
                0x000008c8                USART1_IRQHandler
                0x000008c8                I2C1_ER_IRQHandler
                0x000008c8                USBWakeUp_IRQHandler
 .text.handle_reset
                0x000008ca       0x86 ./build/./vendor/openwch/Startup/startup_ch32v20x_D6.S.o
                0x000008ca                handle_reset
 .text.SystemInit
                0x00000950       0xea ./build/./vendor/openwch/User/system_ch32v20x.c.o
                0x00000950                SystemInit
 .text.SystemCoreClockUpdate
                0x00000a3a       0x84 ./build/./vendor/openwch/User/system_ch32v20x.c.o
                0x00000a3a                SystemCoreClockUpdate
 .text.NMI_Handler
                0x00000abe        0x2 ./build/./vendor/openwch/User/ch32v20x_it.c.o
                0x00000abe                NMI_Handler
 .text.HardFault_Handler
                0x00000ac0        0x2 ./build/./vendor/openwch/User/ch32v20x_it.c.o
                0x00000ac0                HardFault_Handler
 .text.USBFSH_SetSelfSpeed.part.0
                0x00000ac2       0x2e ./build/./vendor/openwch/USB_Host/ch32v20x_usbfs_host.c.o
 .text.USBFS_RCC_Init
                0x00000af0       0x42 ./build/./vendor/openwch/USB_Host/ch32v20x_usbfs_host.c.o
                0x00000af0                USBFS_RCC_Init
 .text.USBFS_Host_Init
                0x00000b32       0x58 ./build/./vendor/openwch/USB_Host/ch32v20x_usbfs_host.c.o
                0x00000b32                USBFS_Host_Init
 .text.USBFSH_CheckRootHubPortStatus
                0x00000b8a       0x34 ./build/./vendor/openwch/USB_Host/ch32v20x_usbfs_host.c.o
                0x00000b8a                USBFSH_CheckRootHubPortStatus
 .text.USBFSH_CheckRootHubPortSpeed
                0x00000bbe       0x12 ./build/./vendor/openwch/USB_Host/ch32v20x_usbfs_host.c.o
                0x00000bbe                USBFSH_CheckRootHubPortSpeed
 .text.USBFSH_SetSelfAddr
                0x00000bd0       0x18 ./build/./vendor/openwch/USB_Host/ch32v20x_usbfs_host.c.o
                0x00000bd0                USBFSH_SetSelfAddr
 .text.USBFSH_SetSelfSpeed
                0x00000be8       0x32 ./build/./vendor/openwch/USB_Host/ch32v20x_usbfs_host.c.o
                0x00000be8                USBFSH_SetSelfSpeed
 .text.USBFSH_ResetRootHubPort
                0x00000c1a       0x64 ./build/./vendor/openwch/USB_Host/ch32v20x_usbfs_host.c.o
                0x00000c1a                USBFSH_ResetRootHubPort
 .text.USBFSH_EnableRootHubPort
                0x00000c7e       0x50 ./build/./vendor/openwch/USB_Host/ch32v20x_usbfs_host.c.o
                0x00000c7e                USBFSH_EnableRootHubPort
 .text.USBFSH_Transact
                0x00000cce      0x130 ./build/./vendor/openwch/USB_Host/ch32v20x_usbfs_host.c.o
                0x00000cce                USBFSH_Transact
 .text.USBFSH_CtrlTransfer
                0x00000dfe      0x1c2 ./build/./vendor/openwch/USB_Host/ch32v20x_usbfs_host.c.o
                0x00000dfe                USBFSH_CtrlTransfer
 .text.USBFSH_GetDeviceDescr
                0x00000fc0       0x50 ./build/./vendor/openwch/USB_Host/ch32v20x_usbfs_host.c.o
                0x00000fc0                USBFSH_GetDeviceDescr
 .text.USBFSH_GetConfigDescr
                0x00001010       0x90 ./build/./vendor/openwch/USB_Host/ch32v20x_usbfs_host.c.o
                0x00001010                USBFSH_GetConfigDescr
 .text.USBFSH_SetUsbAddress
                0x000010a0       0x3c ./build/./vendor/openwch/USB_Host/ch32v20x_usbfs_host.c.o
                0x000010a0                USBFSH_SetUsbAddress
 .text.USBFSH_SetUsbConfig
                0x000010dc       0x1a ./build/./vendor/openwch/USB_Host/ch32v20x_usbfs_host.c.o
                0x000010dc                USBFSH_SetUsbConfig
 .text.printf   0x000010f6       0x28 /nix/store/7cgn622cqyz41hw4z07lv305pfk5n6r0-source/bin/../lib/gcc/riscv-none-elf/13.2.0/../../../../riscv-none-elf/lib/rv32imafc_zicsr/ilp32f/libg_nano.a(libc_a-printf.o)
                0x000010f6                printf
                0x000010f6                iprintf
 .text._puts_r  0x0000111e       0xce /nix/store/7cgn622cqyz41hw4z07lv305pfk5n6r0-source/bin/../lib/gcc/riscv-none-elf/13.2.0/../../../../riscv-none-elf/lib/rv32imafc_zicsr/ilp32f/libg_nano.a(libc_a-puts.o)
                0x0000111e                _puts_r
 .text.puts     0x000011ec        0x8 /nix/store/7cgn622cqyz41hw4z07lv305pfk5n6r0-source/bin/../lib/gcc/riscv-none-elf/13.2.0/../../../../riscv-none-elf/lib/rv32imafc_zicsr/ilp32f/libg_nano.a(libc_a-puts.o)
                0x000011ec                puts
 .text.__swbuf_r
                0x000011f4       0x9c /nix/store/7cgn622cqyz41hw4z07lv305pfk5n6r0-source/bin/../lib/gcc/riscv-none-elf/13.2.0/../../../../riscv-none-elf/lib/rv32imafc_zicsr/ilp32f/libg_nano.a(libc_a-wbuf.o)
                0x000011f4                __swbuf_r
 .text.__swsetup_r
                0x00001290       0xc8 /nix/store/7cgn622cqyz41hw4z07lv305pfk5n6r0-source/bin/../lib/gcc/riscv-none-elf/13.2.0/../../../../riscv-none-elf/lib/rv32imafc_zicsr/ilp32f/libg_nano.a(libc_a-wsetup.o)
                0x00001290                __swsetup_r
 .text.__retarget_lock_init_recursive
                0x00001358        0x2 /nix/store/7cgn622cqyz41hw4z07lv305pfk5n6r0-source/bin/../lib/gcc/riscv-none-elf/13.2.0/../../../../riscv-none-elf/lib/rv32imafc_zicsr/ilp32f/libg_nano.a(libc_a-lock.o)
                0x00001358                __retarget_lock_init_recursive
 .text.__retarget_lock_acquire_recursive
                0x0000135a        0x2 /nix/store/7cgn622cqyz41hw4z07lv305pfk5n6r0-source/bin/../lib/gcc/riscv-none-elf/13.2.0/../../../../riscv-none-elf/lib/rv32imafc_zicsr/ilp32f/libg_nano.a(libc_a-lock.o)
                0x0000135a                __retarget_lock_acquire_recursive
 .text.__retarget_lock_release_recursive
                0x0000135c        0x2 /nix/store/7cgn622cqyz41hw4z07lv305pfk5n6r0-source/bin/../lib/gcc/riscv-none-elf/13.2.0/../../../../riscv-none-elf/lib/rv32imafc_zicsr/ilp32f/libg_nano.a(libc_a-lock.o)
                0x0000135c                __retarget_lock_release_recursive
 .text._free_r  0x0000135e       0x9e /nix/store/7cgn622cqyz41hw4z07lv305pfk5n6r0-source/bin/../lib/gcc/riscv-none-elf/13.2.0/../../../../riscv-none-elf/lib/rv32imafc_zicsr/ilp32f/libg_nano.a(libc_a-freer.o)
                0x0000135e                _free_r
 .text.sbrk_aligned
                0x000013fc       0x5a /nix/store/7cgn622cqyz41hw4z07lv305pfk5n6r0-source/bin/../lib/gcc/riscv-none-elf/13.2.0/../../../../riscv-none-elf/lib/rv32imafc_zicsr/ilp32f/libg_nano.a(libc_a-mallocr.o)
 .text._malloc_r
                0x00001456      0x11c /nix/store/7cgn622cqyz41hw4z07lv305pfk5n6r0-source/bin/../lib/gcc/riscv-none-elf/13.2.0/../../../../riscv-none-elf/lib/rv32imafc_zicsr/ilp32f/libg_nano.a(libc_a-mallocr.o)
                0x00001456                _malloc_r
 .text.__malloc_lock
                0x00001572        0x6 /nix/store/7cgn622cqyz41hw4z07lv305pfk5n6r0-source/bin/../lib/gcc/riscv-none-elf/13.2.0/../../../../riscv-none-elf/lib/rv32imafc_zicsr/ilp32f/libg_nano.a(libc_a-mlock.o)
                0x00001572                __malloc_lock
 .text.__malloc_unlock
                0x00001578        0x6 /nix/store/7cgn622cqyz41hw4z07lv305pfk5n6r0-source/bin/../lib/gcc/riscv-none-elf/13.2.0/../../../../riscv-none-elf/lib/rv32imafc_zicsr/ilp32f/libg_nano.a(libc_a-mlock.o)
                0x00001578                __malloc_unlock
 .text.__sfputc_r
                0x0000157e       0x28 /nix/store/7cgn622cqyz41hw4z07lv305pfk5n6r0-source/bin/../lib/gcc/riscv-none-elf/13.2.0/../../../../riscv-none-elf/lib/rv32imafc_zicsr/ilp32f/libg_nano.a(libc_a-nano-vfprintf.o)
 .text.__sfputs_r
                0x000015a6       0x42 /nix/store/7cgn622cqyz41hw4z07lv305pfk5n6r0-source/bin/../lib/gcc/riscv-none-elf/13.2.0/../../../../riscv-none-elf/lib/rv32imafc_zicsr/ilp32f/libg_nano.a(libc_a-nano-vfprintf.o)
                0x000015a6                __sfputs_r
 .text._vfprintf_r
                0x000015e8      0x2a4 /nix/store/7cgn622cqyz41hw4z07lv305pfk5n6r0-source/bin/../lib/gcc/riscv-none-elf/13.2.0/../../../../riscv-none-elf/lib/rv32imafc_zicsr/ilp32f/libg_nano.a(libc_a-nano-vfprintf.o)
                0x000015e8                _vfiprintf_r
                0x000015e8                _vfprintf_r
 .text._printf_common
                0x0000188c      0x110 /nix/store/7cgn622cqyz41hw4z07lv305pfk5n6r0-source/bin/../lib/gcc/riscv-none-elf/13.2.0/../../../../riscv-none-elf/lib/rv32imafc_zicsr/ilp32f/libg_nano.a(libc_a-nano-vfprintf_i.o)
                0x0000188c                _printf_common
 .text._printf_i
                0x0000199c      0x262 /nix/store/7cgn622cqyz41hw4z07lv305pfk5n6r0-source/bin/../lib/gcc/riscv-none-elf/13.2.0/../../../../riscv-none-elf/lib/rv32imafc_zicsr/ilp32f/libg_nano.a(libc_a-nano-vfprintf_i.o)
                0x0000199c                _printf_i
 .text.__sflush_r
                0x00001bfe      0x13c /nix/store/7cgn622cqyz41hw4z07lv305pfk5n6r0-source/bin/../lib/gcc/riscv-none-elf/13.2.0/../../../../riscv-none-elf/lib/rv32imafc_zicsr/ilp32f/libg_nano.a(libc_a-fflush.o)
                0x00001bfe                __sflush_r
 .text._fflush_r
                0x00001d3a       0x5e /nix/store/7cgn622cqyz41hw4z07lv305pfk5n6r0-source/bin/../lib/gcc/riscv-none-elf/13.2.0/../../../../riscv-none-elf/lib/rv32imafc_zicsr/ilp32f/libg_nano.a(libc_a-fflush.o)
                0x00001d3a                _fflush_r
 .text.std      0x00001d98       0x90 /nix/store/7cgn622cqyz41hw4z07lv305pfk5n6r0-source/bin/../lib/gcc/riscv-none-elf/13.2.0/../../../../riscv-none-elf/lib/rv32imafc_zicsr/ilp32f/libg_nano.a(libc_a-findfp.o)
 .text.stdio_exit_handler
                0x00001e28       0x1a /nix/store/7cgn622cqyz41hw4z07lv305pfk5n6r0-source/bin/../lib/gcc/riscv-none-elf/13.2.0/../../../../riscv-none-elf/lib/rv32imafc_zicsr/ilp32f/libg_nano.a(libc_a-findfp.o)
 .text.cleanup_stdio
                0x00001e42       0x3e /nix/store/7cgn622cqyz41hw4z07lv305pfk5n6r0-source/bin/../lib/gcc/riscv-none-elf/13.2.0/../../../../riscv-none-elf/lib/rv32imafc_zicsr/ilp32f/libg_nano.a(libc_a-findfp.o)
 .text.global_stdio_init.part.0
                0x00001e80       0x32 /nix/store/7cgn622cqyz41hw4z07lv305pfk5n6r0-source/bin/../lib/gcc/riscv-none-elf/13.2.0/../../../../riscv-none-elf/lib/rv32imafc_zicsr/ilp32f/libg_nano.a(libc_a-findfp.o)
 .text.__sfp_lock_acquire
                0x00001eb2        0x8 /nix/store/7cgn622cqyz41hw4z07lv305pfk5n6r0-source/bin/../lib/gcc/riscv-none-elf/13.2.0/../../../../riscv-none-elf/lib/rv32imafc_zicsr/ilp32f/libg_nano.a(libc_a-findfp.o)
                0x00001eb2                __sfp_lock_acquire
 .text.__sfp_lock_release
                0x00001eba        0x8 /nix/store/7cgn622cqyz41hw4z07lv305pfk5n6r0-source/bin/../lib/gcc/riscv-none-elf/13.2.0/../../../../riscv-none-elf/lib/rv32imafc_zicsr/ilp32f/libg_nano.a(libc_a-findfp.o)
                0x00001eba                __sfp_lock_release
 .text.__sinit  0x00001ec2       0x2a /nix/store/7cgn622cqyz41hw4z07lv305pfk5n6r0-source/bin/../lib/gcc/riscv-none-elf/13.2.0/../../../../riscv-none-elf/lib/rv32imafc_zicsr/ilp32f/libg_nano.a(libc_a-findfp.o)
                0x00001ec2                __sinit
 .text._fwalk_sglue
                0x00001eec       0x68 /nix/store/7cgn622cqyz41hw4z07lv305pfk5n6r0-source/bin/../lib/gcc/riscv-none-elf/13.2.0/../../../../riscv-none-elf/lib/rv32imafc_zicsr/ilp32f/libg_nano.a(libc_a-fwalk.o)
                0x00001eec                _fwalk_sglue
 .text.__swhatbuf_r
                0x00001f54       0x5a /nix/store/7cgn622cqyz41hw4z07lv305pfk5n6r0-source/bin/../lib/gcc/riscv-none-elf/13.2.0/../../../../riscv-none-elf/lib/rv32imafc_zicsr/ilp32f/libg_nano.a(libc_a-makebuf.o)
                0x00001f54                __swhatbuf_r
 .text.__smakebuf_r
                0x00001fae       0x9a /nix/store/7cgn622cqyz41hw4z07lv305pfk5n6r0-source/bin/../lib/gcc/riscv-none-elf/13.2.0/../../../../riscv-none-elf/lib/rv32imafc_zicsr/ilp32f/libg_nano.a(libc_a-makebuf.o)
                0x00001fae                __smakebuf_r
 .text.__sread  0x00002048       0x30 /nix/store/7cgn622cqyz41hw4z07lv305pfk5n6r0-source/bin/../lib/gcc/riscv-none-elf/13.2.0/../../../../riscv-none-elf/lib/rv32imafc_zicsr/ilp32f/libg_nano.a(libc_a-stdio.o)
                0x00002048                __sread
 .text.__swrite
                0x00002078       0x4e /nix/store/7cgn622cqyz41hw4z07lv305pfk5n6r0-source/bin/../lib/gcc/riscv-none-elf/13.2.0/../../../../riscv-none-elf/lib/rv32imafc_zicsr/ilp32f/libg_nano.a(libc_a-stdio.o)
                0x00002078                __swrite
 .text.__sseek  0x000020c6       0x36 /nix/store/7cgn622cqyz41hw4z07lv305pfk5n6r0-source/bin/../lib/gcc/riscv-none-elf/13.2.0/../../../../riscv-none-elf/lib/rv32imafc_zicsr/ilp32f/libg_nano.a(libc_a-stdio.o)
                0x000020c6                __sseek
 .text.__sclose
                0x000020fc        0x6 /nix/store/7cgn622cqyz41hw4z07lv305pfk5n6r0-source/bin/../lib/gcc/riscv-none-elf/13.2.0/../../../../riscv-none-elf/lib/rv32imafc_zicsr/ilp32f/libg_nano.a(libc_a-stdio.o)
                0x000020fc                __sclose
 .text.memchr   0x00002102       0x1a /nix/store/7cgn622cqyz41hw4z07lv305pfk5n6r0-source/bin/../lib/gcc/riscv-none-elf/13.2.0/../../../../riscv-none-elf/lib/rv32imafc_zicsr/ilp32f/libg_nano.a(libc_a-memchr.o)
                0x00002102                memchr
 .text._close_r
                0x0000211c       0x26 /nix/store/7cgn622cqyz41hw4z07lv305pfk5n6r0-source/bin/../lib/gcc/riscv-none-elf/13.2.0/../../../../riscv-none-elf/lib/rv32imafc_zicsr/ilp32f/libg_nano.a(libc_a-closer.o)
                0x0000211c                _close_r
 .text._fstat_r
                0x00002142       0x28 /nix/store/7cgn622cqyz41hw4z07lv305pfk5n6r0-source/bin/../lib/gcc/riscv-none-elf/13.2.0/../../../../riscv-none-elf/lib/rv32imafc_zicsr/ilp32f/libg_nano.a(libc_a-fstatr.o)
                0x00002142                _fstat_r
 .text._isatty_r
                0x0000216a       0x26 /nix/store/7cgn622cqyz41hw4z07lv305pfk5n6r0-source/bin/../lib/gcc/riscv-none-elf/13.2.0/../../../../riscv-none-elf/lib/rv32imafc_zicsr/ilp32f/libg_nano.a(libc_a-isattyr.o)
                0x0000216a                _isatty_r
 .text._lseek_r
                0x00002190       0x2a /nix/store/7cgn622cqyz41hw4z07lv305pfk5n6r0-source/bin/../lib/gcc/riscv-none-elf/13.2.0/../../../../riscv-none-elf/lib/rv32imafc_zicsr/ilp32f/libg_nano.a(libc_a-lseekr.o)
                0x00002190                _lseek_r
 .text._read_r  0x000021ba       0x2a /nix/store/7cgn622cqyz41hw4z07lv305pfk5n6r0-source/bin/../lib/gcc/riscv-none-elf/13.2.0/../../../../riscv-none-elf/lib/rv32imafc_zicsr/ilp32f/libg_nano.a(libc_a-readr.o)
                0x000021ba                _read_r
 .text._sbrk_r  0x000021e4       0x28 /nix/store/7cgn622cqyz41hw4z07lv305pfk5n6r0-source/bin/../lib/gcc/riscv-none-elf/13.2.0/../../../../riscv-none-elf/lib/rv32imafc_zicsr/ilp32f/libg_nano.a(libc_a-sbrkr.o)
                0x000021e4                _sbrk_r
 .text._write_r
                0x0000220c       0x2c /nix/store/7cgn622cqyz41hw4z07lv305pfk5n6r0-source/bin/../lib/gcc/riscv-none-elf/13.2.0/../../../../riscv-none-elf/lib/rv32imafc_zicsr/ilp32f/libg_nano.a(libc_a-writer.o)
                0x0000220c                _write_r
 .text._close   0x00002238        0xc /nix/store/7cgn622cqyz41hw4z07lv305pfk5n6r0-source/bin/../lib/gcc/riscv-none-elf/13.2.0/../../../../riscv-none-elf/lib/rv32imafc_zicsr/ilp32f/libnosys.a(close.o)
                0x00002238                _close
 .text._fstat   0x00002244        0xc /nix/store/7cgn622cqyz41hw4z07lv305pfk5n6r0-source/bin/../lib/gcc/riscv-none-elf/13.2.0/../../../../riscv-none-elf/lib/rv32imafc_zicsr/ilp32f/libnosys.a(fstat.o)
                0x00002244                _fstat
 .text._isatty  0x00002250        0xc /nix/store/7cgn622cqyz41hw4z07lv305pfk5n6r0-source/bin/../lib/gcc/riscv-none-elf/13.2.0/../../../../riscv-none-elf/lib/rv32imafc_zicsr/ilp32f/libnosys.a(isatty.o)
                0x00002250                _isatty
 .text._lseek   0x0000225c        0xc /nix/store/7cgn622cqyz41hw4z07lv305pfk5n6r0-source/bin/../lib/gcc/riscv-none-elf/13.2.0/../../../../riscv-none-elf/lib/rv32imafc_zicsr/ilp32f/libnosys.a(lseek.o)
                0x0000225c                _lseek
 .text._read    0x00002268        0xc /nix/store/7cgn622cqyz41hw4z07lv305pfk5n6r0-source/bin/../lib/gcc/riscv-none-elf/13.2.0/../../../../riscv-none-elf/lib/rv32imafc_zicsr/ilp32f/libnosys.a(read.o)
                0x00002268                _read
 *(.rodata)
 *(.rodata*)
 *fill*         0x00002274        0x0 
 .rodata.main.str1.4
                0x00002274      0x1e1 ./build/./app/Core/main.c.o
                                 0x78 (size before relaxing)
 .rodata.PrintData.str1.4
                0x00002455        0xa ./build/./app/USBHost_App/usb_host_app.c.o
 .rodata.USBH_EnumDevice.str1.4
                0x00002455       0xf6 ./build/./app/USBHost_App/usb_host_app.c.o
 .rodata.USBH_HostApp.str1.4
                0x00002455       0x2b ./build/./app/USBHost_App/usb_host_app.c.o
 *fill*         0x00002455        0x3 
 .rodata.APBAHBPrescTable
                0x00002458       0x10 ./build/./vendor/openwch/Peripheral/src/ch32v20x_rcc.c.o
 .rodata.AHBPrescTable
                0x00002468       0x10 ./build/./vendor/openwch/User/system_ch32v20x.c.o
                0x00002468                AHBPrescTable
 .rodata._vfprintf_r.str1.4
                0x00002478       0x13 /nix/store/7cgn622cqyz41hw4z07lv305pfk5n6r0-source/bin/../lib/gcc/riscv-none-elf/13.2.0/../../../../riscv-none-elf/lib/rv32imafc_zicsr/ilp32f/libg_nano.a(libc_a-nano-vfprintf.o)
 .rodata._printf_i.str1.4
                0x00002478       0x25 /nix/store/7cgn622cqyz41hw4z07lv305pfk5n6r0-source/bin/../lib/gcc/riscv-none-elf/13.2.0/../../../../riscv-none-elf/lib/rv32imafc_zicsr/ilp32f/libg_nano.a(libc_a-nano-vfprintf_i.o)
 .rodata._printf_i
                0x00002478       0x58 /nix/store/7cgn622cqyz41hw4z07lv305pfk5n6r0-source/bin/../lib/gcc/riscv-none-elf/13.2.0/../../../../riscv-none-elf/lib/rv32imafc_zicsr/ilp32f/libg_nano.a(libc_a-nano-vfprintf_i.o)
 *(.gnu.linkonce.t.*)
                0x000024d0                        . = ALIGN (0x4)

.rela.dyn       0x000024d0        0x0
 .rela.text._sbrk
                0x000024d0        0x0 ./build/./app/Core/main.c.o
 .rela.sdata.curbrk.0
                0x000024d0        0x0 ./build/./app/Core/main.c.o
 .rela.init     0x000024d0        0x0 ./build/./app/Core/main.c.o
 .rela.vector   0x000024d0        0x0 ./build/./app/Core/main.c.o
 .rela.text.handle_reset
                0x000024d0        0x0 ./build/./app/Core/main.c.o
 .rela.text._vfprintf_r
                0x000024d0        0x0 ./build/./app/Core/main.c.o

.fini           0x000024d0        0x0
 *(SORT_NONE(.fini))
                0x000024d0                        . = ALIGN (0x4)
                [!provide]                        PROVIDE (_etext = .)
                [!provide]                        PROVIDE (_eitcm = .)

.preinit_array  0x000024d0        0x0
                [!provide]                        PROVIDE (__preinit_array_start = .)
 *(.preinit_array)
                [!provide]                        PROVIDE (__preinit_array_end = .)

.init_array     0x000024d0        0x0
                [!provide]                        PROVIDE (__init_array_start = .)
 *(SORT_BY_INIT_PRIORITY(.init_array.*) SORT_BY_INIT_PRIORITY(.ctors.*))
 *(.init_array EXCLUDE_FILE(*crtend?.o *crtend.o *crtbegin?.o *crtbegin.o) .ctors)
                [!provide]                        PROVIDE (__init_array_end = .)

.fini_array     0x000024d0        0x0
                [!provide]                        PROVIDE (__fini_array_start = .)
 *(SORT_BY_INIT_PRIORITY(.fini_array.*) SORT_BY_INIT_PRIORITY(.dtors.*))
 *(.fini_array EXCLUDE_FILE(*crtend?.o *crtend.o *crtbegin?.o *crtbegin.o) .dtors)
                [!provide]                        PROVIDE (__fini_array_end = .)

.ctors
 *crtbegin.o(.ctors)
 *crtbegin?.o(.ctors)
 *(EXCLUDE_FILE(*crtend?.o *crtend.o) .ctors)
 *(SORT_BY_NAME(.ctors.*))
 *(.ctors)

.dtors
 *crtbegin.o(.dtors)
 *crtbegin?.o(.dtors)
 *(EXCLUDE_FILE(*crtend?.o *crtend.o) .dtors)
 *(SORT_BY_NAME(.dtors.*))
 *(.dtors)

.dalign         0x20000000        0x0 load address 0x000024d0
                0x20000000                        . = ALIGN (0x4)
                0x20000000                        PROVIDE (_data_vma = .)

.dlalign        0x000024d0        0x0
                0x000024d0                        . = ALIGN (0x4)
                0x000024d0                        PROVIDE (_data_lma = .)

.data           0x20000000       0x6c load address 0x000024d0
 *(.gnu.linkonce.r.*)
 *(.data .data.*)
 .data._impure_data
                0x20000000       0x4c /nix/store/7cgn622cqyz41hw4z07lv305pfk5n6r0-source/bin/../lib/gcc/riscv-none-elf/13.2.0/../../../../riscv-none-elf/lib/rv32imafc_zicsr/ilp32f/libg_nano.a(libc_a-impure.o)
                0x20000000                _impure_data
 .data.__sglue  0x2000004c        0xc /nix/store/7cgn622cqyz41hw4z07lv305pfk5n6r0-source/bin/../lib/gcc/riscv-none-elf/13.2.0/../../../../riscv-none-elf/lib/rv32imafc_zicsr/ilp32f/libg_nano.a(libc_a-findfp.o)
                0x2000004c                __sglue
 *(.gnu.linkonce.d.*)
                0x20000058                        . = ALIGN (0x8)
                0x20000858                        PROVIDE (__global_pointer$ = (. + 0x800))
 *(.sdata .sdata.*)
 .sdata.curbrk.0
                0x20000058        0x4 ./build/./vendor/openwch/Debug/debug.c.o
 .sdata.SystemCoreClock
                0x2000005c        0x4 ./build/./vendor/openwch/User/system_ch32v20x.c.o
                0x2000005c                SystemCoreClock
 .sdata._impure_ptr
                0x20000060        0x4 /nix/store/7cgn622cqyz41hw4z07lv305pfk5n6r0-source/bin/../lib/gcc/riscv-none-elf/13.2.0/../../../../riscv-none-elf/lib/rv32imafc_zicsr/ilp32f/libg_nano.a(libc_a-impure.o)
                0x20000060                _impure_ptr
 *(.sdata2.*)
 *(.gnu.linkonce.s.*)
                0x20000068                        . = ALIGN (0x8)
 *fill*         0x20000064        0x4 
 *(.srodata.cst16)
 *(.srodata.cst8)
 *(.srodata.cst4)
 *(.srodata.cst2)
 *(.srodata .srodata.*)
 .srodata.ADCPrescTable
                0x20000068        0x4 ./build/./vendor/openwch/Peripheral/src/ch32v20x_rcc.c.o
                0x2000006c                        . = ALIGN (0x4)
                0x2000006c                        PROVIDE (_edata = .)

.bss            0x2000006c      0xb44 load address 0x0000253c
                0x2000006c                        . = ALIGN (0x4)
                0x2000006c                        PROVIDE (_sbss = .)
 *(.sbss*)
 .sbss.p_ms     0x2000006c        0x2 ./build/./vendor/openwch/Debug/debug.c.o
 .sbss.p_us     0x2000006e        0x1 ./build/./vendor/openwch/Debug/debug.c.o
 *fill*         0x2000006f        0x1 
 .sbss.NVIC_Priority_Group
                0x20000070        0x4 ./build/./vendor/openwch/Peripheral/src/ch32v20x_misc.c.o
                0x20000070                NVIC_Priority_Group
 .sbss.MCU_Version
                0x20000074        0x1 ./build/./vendor/openwch/Peripheral/src/ch32v20x_gpio.c.o
                0x20000074                MCU_Version
 *fill*         0x20000075        0x3 
 .sbss.__lock___malloc_recursive_mutex
                0x20000078        0x1 /nix/store/7cgn622cqyz41hw4z07lv305pfk5n6r0-source/bin/../lib/gcc/riscv-none-elf/13.2.0/../../../../riscv-none-elf/lib/rv32imafc_zicsr/ilp32f/libg_nano.a(libc_a-lock.o)
                0x20000078                __lock___malloc_recursive_mutex
 *fill*         0x20000079        0x3 
 .sbss.__lock___sfp_recursive_mutex
                0x2000007c        0x1 /nix/store/7cgn622cqyz41hw4z07lv305pfk5n6r0-source/bin/../lib/gcc/riscv-none-elf/13.2.0/../../../../riscv-none-elf/lib/rv32imafc_zicsr/ilp32f/libg_nano.a(libc_a-lock.o)
                0x2000007c                __lock___sfp_recursive_mutex
 *fill*         0x2000007d        0x3 
 .sbss.__malloc_sbrk_start
                0x20000080        0x4 /nix/store/7cgn622cqyz41hw4z07lv305pfk5n6r0-source/bin/../lib/gcc/riscv-none-elf/13.2.0/../../../../riscv-none-elf/lib/rv32imafc_zicsr/ilp32f/libg_nano.a(libc_a-mallocr.o)
                0x20000080                __malloc_sbrk_start
 .sbss.__malloc_free_list
                0x20000084        0x4 /nix/store/7cgn622cqyz41hw4z07lv305pfk5n6r0-source/bin/../lib/gcc/riscv-none-elf/13.2.0/../../../../riscv-none-elf/lib/rv32imafc_zicsr/ilp32f/libg_nano.a(libc_a-mallocr.o)
                0x20000084                __malloc_free_list
 .sbss.__stdio_exit_handler
                0x20000088        0x4 /nix/store/7cgn622cqyz41hw4z07lv305pfk5n6r0-source/bin/../lib/gcc/riscv-none-elf/13.2.0/../../../../riscv-none-elf/lib/rv32imafc_zicsr/ilp32f/libg_nano.a(libc_a-findfp.o)
                0x20000088                __stdio_exit_handler
 .sbss.errno    0x2000008c        0x4 /nix/store/7cgn622cqyz41hw4z07lv305pfk5n6r0-source/bin/../lib/gcc/riscv-none-elf/13.2.0/../../../../riscv-none-elf/lib/rv32imafc_zicsr/ilp32f/libg_nano.a(libc_a-reent.o)
                0x2000008c                errno
 *(.gnu.linkonce.sb.*)
 *(.bss*)
 .bss.Com_Buf   0x20000090      0x400 ./build/./app/USBHost_App/usb_host_app.c.o
                0x20000090                Com_Buf
 .bss.DevDesc_Buf
                0x20000490       0x12 ./build/./app/USBHost_App/usb_host_app.c.o
                0x20000490                DevDesc_Buf
 *fill*         0x200004a2        0x2 
 .bss.HostCtl   0x200004a4      0x532 ./build/./app/USBHost_App/usb_host_app.c.o
                0x200004a4                HostCtl
 *fill*         0x200009d6        0x2 
 .bss.RootHubDev
                0x200009d8       0x1f ./build/./app/USBHost_App/usb_host_app.c.o
                0x200009d8                RootHubDev
 *fill*         0x200009f7        0x1 
 .bss.USBFS_TX_Buf
                0x200009f8       0x40 ./build/./vendor/openwch/USB_Host/ch32v20x_usbfs_host.c.o
                0x200009f8                USBFS_TX_Buf
 .bss.USBFS_RX_Buf
                0x20000a38       0x40 ./build/./vendor/openwch/USB_Host/ch32v20x_usbfs_host.c.o
                0x20000a38                USBFS_RX_Buf
 .bss.__sf      0x20000a78      0x138 /nix/store/7cgn622cqyz41hw4z07lv305pfk5n6r0-source/bin/../lib/gcc/riscv-none-elf/13.2.0/../../../../riscv-none-elf/lib/rv32imafc_zicsr/ilp32f/libg_nano.a(libc_a-findfp.o)
                0x20000a78                __sf
 *(.gnu.linkonce.b.*)
 *(COMMON*)
                0x20000bb0                        . = ALIGN (0x4)
                0x20000bb0                        PROVIDE (_ebss = .)
                0x20000bb0                        PROVIDE (_end = _ebss)
                [!provide]                        PROVIDE (end = .)

.stack          0x20004800      0x800
                0x20004800                        PROVIDE (_heap_end = .)
                0x20004800                        . = ALIGN (0x4)
                [!provide]                        PROVIDE (_susrstack = .)
                0x20005000                        . = (. + __stack_size)
 *fill*         0x20004800      0x800 
                0x20005000                        PROVIDE (_eusrstack = .)
OUTPUT(build/app.elf elf32-littleriscv)

.debug_info     0x00000000     0x4d3c
 .debug_info    0x00000000      0x298 ./build/./app/Core/main.c.o
 .debug_info    0x00000298      0xdda ./build/./app/USBHost_App/usb_host_app.c.o
 .debug_info    0x00001072      0x6a1 ./build/./vendor/openwch/Debug/debug.c.o
 .debug_info    0x00001713      0x599 ./build/./vendor/openwch/Peripheral/src/ch32v20x_misc.c.o
 .debug_info    0x00001cac      0x9f4 ./build/./vendor/openwch/Peripheral/src/ch32v20x_usart.c.o
 .debug_info    0x000026a0      0xa0e ./build/./vendor/openwch/Peripheral/src/ch32v20x_gpio.c.o
 .debug_info    0x000030ae      0x8f5 ./build/./vendor/openwch/Peripheral/src/ch32v20x_rcc.c.o
 .debug_info    0x000039a3       0x23 ./build/./vendor/openwch/Startup/startup_ch32v20x_D6.S.o
 .debug_info    0x000039c6      0x2b5 ./build/./vendor/openwch/User/system_ch32v20x.c.o
 .debug_info    0x00003c7b       0x94 ./build/./vendor/openwch/User/ch32v20x_it.c.o
 .debug_info    0x00003d0f     0x102d ./build/./vendor/openwch/USB_Host/ch32v20x_usbfs_host.c.o

.debug_abbrev   0x00000000     0x1448
 .debug_abbrev  0x00000000      0x113 ./build/./app/Core/main.c.o
 .debug_abbrev  0x00000113      0x29c ./build/./app/USBHost_App/usb_host_app.c.o
 .debug_abbrev  0x000003af      0x22b ./build/./vendor/openwch/Debug/debug.c.o
 .debug_abbrev  0x000005da      0x1c9 ./build/./vendor/openwch/Peripheral/src/ch32v20x_misc.c.o
 .debug_abbrev  0x000007a3      0x21c ./build/./vendor/openwch/Peripheral/src/ch32v20x_usart.c.o
 .debug_abbrev  0x000009bf      0x27a ./build/./vendor/openwch/Peripheral/src/ch32v20x_gpio.c.o
 .debug_abbrev  0x00000c39      0x251 ./build/./vendor/openwch/Peripheral/src/ch32v20x_rcc.c.o
 .debug_abbrev  0x00000e8a       0x12 ./build/./vendor/openwch/Startup/startup_ch32v20x_D6.S.o
 .debug_abbrev  0x00000e9c      0x1a9 ./build/./vendor/openwch/User/system_ch32v20x.c.o
 .debug_abbrev  0x00001045       0x45 ./build/./vendor/openwch/User/ch32v20x_it.c.o
 .debug_abbrev  0x0000108a      0x3be ./build/./vendor/openwch/USB_Host/ch32v20x_usbfs_host.c.o

.debug_aranges  0x00000000      0x4d8
 .debug_aranges
                0x00000000       0x20 ./build/./app/Core/main.c.o
 .debug_aranges
                0x00000020       0x40 ./build/./app/USBHost_App/usb_host_app.c.o
 .debug_aranges
                0x00000060       0x50 ./build/./vendor/openwch/Debug/debug.c.o
 .debug_aranges
                0x000000b0       0x28 ./build/./vendor/openwch/Peripheral/src/ch32v20x_misc.c.o
 .debug_aranges
                0x000000d8       0xf0 ./build/./vendor/openwch/Peripheral/src/ch32v20x_usart.c.o
 .debug_aranges
                0x000001c8       0xb0 ./build/./vendor/openwch/Peripheral/src/ch32v20x_gpio.c.o
 .debug_aranges
                0x00000278      0x128 ./build/./vendor/openwch/Peripheral/src/ch32v20x_rcc.c.o
 .debug_aranges
                0x000003a0       0x30 ./build/./vendor/openwch/Startup/startup_ch32v20x_D6.S.o
 .debug_aranges
                0x000003d0       0x28 ./build/./vendor/openwch/User/system_ch32v20x.c.o
 .debug_aranges
                0x000003f8       0x28 ./build/./vendor/openwch/User/ch32v20x_it.c.o
 .debug_aranges
                0x00000420       0xb8 ./build/./vendor/openwch/USB_Host/ch32v20x_usbfs_host.c.o

.debug_rnglists
                0x00000000      0x3d9
 .debug_rnglists
                0x00000000       0x14 ./build/./app/Core/main.c.o
 .debug_rnglists
                0x00000014       0x39 ./build/./app/USBHost_App/usb_host_app.c.o
 .debug_rnglists
                0x0000004d       0x37 ./build/./vendor/openwch/Debug/debug.c.o
 .debug_rnglists
                0x00000084       0x3d ./build/./vendor/openwch/Peripheral/src/ch32v20x_misc.c.o
 .debug_rnglists
                0x000000c1       0xb1 ./build/./vendor/openwch/Peripheral/src/ch32v20x_usart.c.o
 .debug_rnglists
                0x00000172       0x83 ./build/./vendor/openwch/Peripheral/src/ch32v20x_gpio.c.o
 .debug_rnglists
                0x000001f5       0xda ./build/./vendor/openwch/Peripheral/src/ch32v20x_rcc.c.o
 .debug_rnglists
                0x000002cf       0x20 ./build/./vendor/openwch/Startup/startup_ch32v20x_D6.S.o
 .debug_rnglists
                0x000002ef       0x2d ./build/./vendor/openwch/User/system_ch32v20x.c.o
 .debug_rnglists
                0x0000031c       0x19 ./build/./vendor/openwch/User/ch32v20x_it.c.o
 .debug_rnglists
                0x00000335       0xa4 ./build/./vendor/openwch/USB_Host/ch32v20x_usbfs_host.c.o

.debug_line     0x00000000     0x5b1b
 .debug_line    0x00000000      0x124 ./build/./app/Core/main.c.o
 .debug_line    0x00000124      0x74d ./build/./app/USBHost_App/usb_host_app.c.o
 .debug_line    0x00000871      0x590 ./build/./vendor/openwch/Debug/debug.c.o
 .debug_line    0x00000e01      0x1b8 ./build/./vendor/openwch/Peripheral/src/ch32v20x_misc.c.o
 .debug_line    0x00000fb9      0xccd ./build/./vendor/openwch/Peripheral/src/ch32v20x_usart.c.o
 .debug_line    0x00001c86     0x13c6 ./build/./vendor/openwch/Peripheral/src/ch32v20x_gpio.c.o
 .debug_line    0x0000304c     0x1011 ./build/./vendor/openwch/Peripheral/src/ch32v20x_rcc.c.o
 .debug_line    0x0000405d      0x11a ./build/./vendor/openwch/Startup/startup_ch32v20x_D6.S.o
 .debug_line    0x00004177      0x527 ./build/./vendor/openwch/User/system_ch32v20x.c.o
 .debug_line    0x0000469e       0x8a ./build/./vendor/openwch/User/ch32v20x_it.c.o
 .debug_line    0x00004728     0x13f3 ./build/./vendor/openwch/USB_Host/ch32v20x_usbfs_host.c.o

.debug_str      0x00000000     0x1d5d
 .debug_str     0x00000000     0x1d5d ./build/./app/Core/main.c.o
                                0x274 (size before relaxing)
 .debug_str     0x00001d5d      0x8ae ./build/./app/USBHost_App/usb_host_app.c.o
 .debug_str     0x00001d5d      0x512 ./build/./vendor/openwch/Debug/debug.c.o
 .debug_str     0x00001d5d      0x63c ./build/./vendor/openwch/Peripheral/src/ch32v20x_misc.c.o
 .debug_str     0x00001d5d      0x6a7 ./build/./vendor/openwch/Peripheral/src/ch32v20x_usart.c.o
 .debug_str     0x00001d5d      0x57a ./build/./vendor/openwch/Peripheral/src/ch32v20x_gpio.c.o
 .debug_str     0x00001d5d      0x67b ./build/./vendor/openwch/Peripheral/src/ch32v20x_rcc.c.o
 .debug_str     0x00001d5d       0x6e ./build/./vendor/openwch/Startup/startup_ch32v20x_D6.S.o
 .debug_str     0x00001d5d      0x2a3 ./build/./vendor/openwch/User/system_ch32v20x.c.o
 .debug_str     0x00001d5d      0x16c ./build/./vendor/openwch/User/ch32v20x_it.c.o
 .debug_str     0x00001d5d      0x86b ./build/./vendor/openwch/USB_Host/ch32v20x_usbfs_host.c.o

.debug_line_str
                0x00000000      0x4e0
 .debug_line_str
                0x00000000      0x4e0 ./build/./app/Core/main.c.o
                                0x245 (size before relaxing)
 .debug_line_str
                0x000004e0      0x314 ./build/./app/USBHost_App/usb_host_app.c.o
 .debug_line_str
                0x000004e0      0x26f ./build/./vendor/openwch/Debug/debug.c.o
 .debug_line_str
                0x000004e0      0x1ef ./build/./vendor/openwch/Peripheral/src/ch32v20x_misc.c.o
 .debug_line_str
                0x000004e0      0x202 ./build/./vendor/openwch/Peripheral/src/ch32v20x_usart.c.o
 .debug_line_str
                0x000004e0      0x1fe ./build/./vendor/openwch/Peripheral/src/ch32v20x_gpio.c.o
 .debug_line_str
                0x000004e0      0x1eb ./build/./vendor/openwch/Peripheral/src/ch32v20x_rcc.c.o
 .debug_line_str
                0x000004e0       0x62 ./build/./vendor/openwch/Startup/startup_ch32v20x_D6.S.o
 .debug_line_str
                0x000004e0      0x1f9 ./build/./vendor/openwch/User/system_ch32v20x.c.o
 .debug_line_str
                0x000004e0       0xbc ./build/./vendor/openwch/User/ch32v20x_it.c.o
 .debug_line_str
                0x000004e0      0x33e ./build/./vendor/openwch/USB_Host/ch32v20x_usbfs_host.c.o

.comment        0x00000000       0x33
 .comment       0x00000000       0x33 ./build/./app/Core/main.c.o
                                 0x34 (size before relaxing)
 .comment       0x00000033       0x34 ./build/./app/USBHost_App/usb_host_app.c.o
 .comment       0x00000033       0x34 ./build/./vendor/openwch/Debug/debug.c.o
 .comment       0x00000033       0x34 ./build/./vendor/openwch/Peripheral/src/ch32v20x_misc.c.o
 .comment       0x00000033       0x34 ./build/./vendor/openwch/Peripheral/src/ch32v20x_usart.c.o
 .comment       0x00000033       0x34 ./build/./vendor/openwch/Peripheral/src/ch32v20x_gpio.c.o
 .comment       0x00000033       0x34 ./build/./vendor/openwch/Peripheral/src/ch32v20x_rcc.c.o
 .comment       0x00000033       0x34 ./build/./vendor/openwch/User/system_ch32v20x.c.o
 .comment       0x00000033       0x34 ./build/./vendor/openwch/User/ch32v20x_it.c.o
 .comment       0x00000033       0x34 ./build/./vendor/openwch/USB_Host/ch32v20x_usbfs_host.c.o
 .comment       0x00000033       0x34 /nix/store/7cgn622cqyz41hw4z07lv305pfk5n6r0-source/bin/../lib/gcc/riscv-none-elf/13.2.0/../../../../riscv-none-elf/lib/rv32imafc_zicsr/ilp32f/libg_nano.a(libc_a-printf.o)
 .comment       0x00000033       0x34 /nix/store/7cgn622cqyz41hw4z07lv305pfk5n6r0-source/bin/../lib/gcc/riscv-none-elf/13.2.0/../../../../riscv-none-elf/lib/rv32imafc_zicsr/ilp32f/libg_nano.a(libc_a-puts.o)
 .comment       0x00000033       0x34 /nix/store/7cgn622cqyz41hw4z07lv305pfk5n6r0-source/bin/../lib/gcc/riscv-none-elf/13.2.0/../../../../riscv-none-elf/lib/rv32imafc_zicsr/ilp32f/libg_nano.a(libc_a-wbuf.o)
 .comment       0x00000033       0x34 /nix/store/7cgn622cqyz41hw4z07lv305pfk5n6r0-source/bin/../lib/gcc/riscv-none-elf/13.2.0/../../../../riscv-none-elf/lib/rv32imafc_zicsr/ilp32f/libg_nano.a(libc_a-wsetup.o)
 .comment       0x00000033       0x34 /nix/store/7cgn622cqyz41hw4z07lv305pfk5n6r0-source/bin/../lib/gcc/riscv-none-elf/13.2.0/../../../../riscv-none-elf/lib/rv32imafc_zicsr/ilp32f/libg_nano.a(libc_a-impure.o)
 .comment       0x00000033       0x34 /nix/store/7cgn622cqyz41hw4z07lv305pfk5n6r0-source/bin/../lib/gcc/riscv-none-elf/13.2.0/../../../../riscv-none-elf/lib/rv32imafc_zicsr/ilp32f/libg_nano.a(libc_a-lock.o)
 .comment       0x00000033       0x34 /nix/store/7cgn622cqyz41hw4z07lv305pfk5n6r0-source/bin/../lib/gcc/riscv-none-elf/13.2.0/../../../../riscv-none-elf/lib/rv32imafc_zicsr/ilp32f/libg_nano.a(libc_a-freer.o)
 .comment       0x00000033       0x34 /nix/store/7cgn622cqyz41hw4z07lv305pfk5n6r0-source/bin/../lib/gcc/riscv-none-elf/13.2.0/../../../../riscv-none-elf/lib/rv32imafc_zicsr/ilp32f/libg_nano.a(libc_a-mallocr.o)
 .comment       0x00000033       0x34 /nix/store/7cgn622cqyz41hw4z07lv305pfk5n6r0-source/bin/../lib/gcc/riscv-none-elf/13.2.0/../../../../riscv-none-elf/lib/rv32imafc_zicsr/ilp32f/libg_nano.a(libc_a-mlock.o)
 .comment       0x00000033       0x34 /nix/store/7cgn622cqyz41hw4z07lv305pfk5n6r0-source/bin/../lib/gcc/riscv-none-elf/13.2.0/../../../../riscv-none-elf/lib/rv32imafc_zicsr/ilp32f/libg_nano.a(libc_a-nano-vfprintf.o)
 .comment       0x00000033       0x34 /nix/store/7cgn622cqyz41hw4z07lv305pfk5n6r0-source/bin/../lib/gcc/riscv-none-elf/13.2.0/../../../../riscv-none-elf/lib/rv32imafc_zicsr/ilp32f/libg_nano.a(libc_a-nano-vfprintf_i.o)
 .comment       0x00000033       0x34 /nix/store/7cgn622cqyz41hw4z07lv305pfk5n6r0-source/bin/../lib/gcc/riscv-none-elf/13.2.0/../../../../riscv-none-elf/lib/rv32imafc_zicsr/ilp32f/libg_nano.a(libc_a-fflush.o)
 .comment       0x00000033       0x34 /nix/store/7cgn622cqyz41hw4z07lv305pfk5n6r0-source/bin/../lib/gcc/riscv-none-elf/13.2.0/../../../../riscv-none-elf/lib/rv32imafc_zicsr/ilp32f/libg_nano.a(libc_a-findfp.o)
 .comment       0x00000033       0x34 /nix/store/7cgn622cqyz41hw4z07lv305pfk5n6r0-source/bin/../lib/gcc/riscv-none-elf/13.2.0/../../../../riscv-none-elf/lib/rv32imafc_zicsr/ilp32f/libg_nano.a(libc_a-fwalk.o)
 .comment       0x00000033       0x34 /nix/store/7cgn622cqyz41hw4z07lv305pfk5n6r0-source/bin/../lib/gcc/riscv-none-elf/13.2.0/../../../../riscv-none-elf/lib/rv32imafc_zicsr/ilp32f/libg_nano.a(libc_a-makebuf.o)
 .comment       0x00000033       0x34 /nix/store/7cgn622cqyz41hw4z07lv305pfk5n6r0-source/bin/../lib/gcc/riscv-none-elf/13.2.0/../../../../riscv-none-elf/lib/rv32imafc_zicsr/ilp32f/libg_nano.a(libc_a-stdio.o)
 .comment       0x00000033       0x34 /nix/store/7cgn622cqyz41hw4z07lv305pfk5n6r0-source/bin/../lib/gcc/riscv-none-elf/13.2.0/../../../../riscv-none-elf/lib/rv32imafc_zicsr/ilp32f/libg_nano.a(libc_a-memchr.o)
 .comment       0x00000033       0x34 /nix/store/7cgn622cqyz41hw4z07lv305pfk5n6r0-source/bin/../lib/gcc/riscv-none-elf/13.2.0/../../../../riscv-none-elf/lib/rv32imafc_zicsr/ilp32f/libg_nano.a(libc_a-closer.o)
 .comment       0x00000033       0x34 /nix/store/7cgn622cqyz41hw4z07lv305pfk5n6r0-source/bin/../lib/gcc/riscv-none-elf/13.2.0/../../../../riscv-none-elf/lib/rv32imafc_zicsr/ilp32f/libg_nano.a(libc_a-reent.o)
 .comment       0x00000033       0x34 /nix/store/7cgn622cqyz41hw4z07lv305pfk5n6r0-source/bin/../lib/gcc/riscv-none-elf/13.2.0/../../../../riscv-none-elf/lib/rv32imafc_zicsr/ilp32f/libg_nano.a(libc_a-fstatr.o)
 .comment       0x00000033       0x34 /nix/store/7cgn622cqyz41hw4z07lv305pfk5n6r0-source/bin/../lib/gcc/riscv-none-elf/13.2.0/../../../../riscv-none-elf/lib/rv32imafc_zicsr/ilp32f/libg_nano.a(libc_a-isattyr.o)
 .comment       0x00000033       0x34 /nix/store/7cgn622cqyz41hw4z07lv305pfk5n6r0-source/bin/../lib/gcc/riscv-none-elf/13.2.0/../../../../riscv-none-elf/lib/rv32imafc_zicsr/ilp32f/libg_nano.a(libc_a-lseekr.o)
 .comment       0x00000033       0x34 /nix/store/7cgn622cqyz41hw4z07lv305pfk5n6r0-source/bin/../lib/gcc/riscv-none-elf/13.2.0/../../../../riscv-none-elf/lib/rv32imafc_zicsr/ilp32f/libg_nano.a(libc_a-readr.o)
 .comment       0x00000033       0x34 /nix/store/7cgn622cqyz41hw4z07lv305pfk5n6r0-source/bin/../lib/gcc/riscv-none-elf/13.2.0/../../../../riscv-none-elf/lib/rv32imafc_zicsr/ilp32f/libg_nano.a(libc_a-sbrkr.o)
 .comment       0x00000033       0x34 /nix/store/7cgn622cqyz41hw4z07lv305pfk5n6r0-source/bin/../lib/gcc/riscv-none-elf/13.2.0/../../../../riscv-none-elf/lib/rv32imafc_zicsr/ilp32f/libg_nano.a(libc_a-writer.o)
 .comment       0x00000033       0x34 /nix/store/7cgn622cqyz41hw4z07lv305pfk5n6r0-source/bin/../lib/gcc/riscv-none-elf/13.2.0/../../../../riscv-none-elf/lib/rv32imafc_zicsr/ilp32f/libnosys.a(close.o)
 .comment       0x00000033       0x34 /nix/store/7cgn622cqyz41hw4z07lv305pfk5n6r0-source/bin/../lib/gcc/riscv-none-elf/13.2.0/../../../../riscv-none-elf/lib/rv32imafc_zicsr/ilp32f/libnosys.a(fstat.o)
 .comment       0x00000033       0x34 /nix/store/7cgn622cqyz41hw4z07lv305pfk5n6r0-source/bin/../lib/gcc/riscv-none-elf/13.2.0/../../../../riscv-none-elf/lib/rv32imafc_zicsr/ilp32f/libnosys.a(isatty.o)
 .comment       0x00000033       0x34 /nix/store/7cgn622cqyz41hw4z07lv305pfk5n6r0-source/bin/../lib/gcc/riscv-none-elf/13.2.0/../../../../riscv-none-elf/lib/rv32imafc_zicsr/ilp32f/libnosys.a(lseek.o)
 .comment       0x00000033       0x34 /nix/store/7cgn622cqyz41hw4z07lv305pfk5n6r0-source/bin/../lib/gcc/riscv-none-elf/13.2.0/../../../../riscv-none-elf/lib/rv32imafc_zicsr/ilp32f/libnosys.a(read.o)

.riscv.attributes
                0x00000000       0x46
 .riscv.attributes
                0x00000000       0x42 ./build/./app/Core/main.c.o
 .riscv.attributes
                0x00000042       0x42 ./build/./app/USBHost_App/usb_host_app.c.o
 .riscv.attributes
                0x00000084       0x42 ./build/./vendor/openwch/Debug/debug.c.o
 .riscv.attributes
                0x000000c6       0x42 ./build/./vendor/openwch/Peripheral/src/ch32v20x_misc.c.o
 .riscv.attributes
                0x00000108       0x42 ./build/./vendor/openwch/Peripheral/src/ch32v20x_usart.c.o
 .riscv.attributes
                0x0000014a       0x42 ./build/./vendor/openwch/Peripheral/src/ch32v20x_gpio.c.o
 .riscv.attributes
                0x0000018c       0x42 ./build/./vendor/openwch/Peripheral/src/ch32v20x_rcc.c.o
 .riscv.attributes
                0x000001ce       0x44 ./build/./vendor/openwch/Startup/startup_ch32v20x_D6.S.o
 .riscv.attributes
                0x00000212       0x42 ./build/./vendor/openwch/User/system_ch32v20x.c.o
 .riscv.attributes
                0x00000254       0x42 ./build/./vendor/openwch/User/ch32v20x_it.c.o
 .riscv.attributes
                0x00000296       0x42 ./build/./vendor/openwch/USB_Host/ch32v20x_usbfs_host.c.o
 .riscv.attributes
                0x000002d8       0x42 /nix/store/7cgn622cqyz41hw4z07lv305pfk5n6r0-source/bin/../lib/gcc/riscv-none-elf/13.2.0/../../../../riscv-none-elf/lib/rv32imafc_zicsr/ilp32f/libg_nano.a(libc_a-printf.o)
 .riscv.attributes
                0x0000031a       0x42 /nix/store/7cgn622cqyz41hw4z07lv305pfk5n6r0-source/bin/../lib/gcc/riscv-none-elf/13.2.0/../../../../riscv-none-elf/lib/rv32imafc_zicsr/ilp32f/libg_nano.a(libc_a-puts.o)
 .riscv.attributes
                0x0000035c       0x42 /nix/store/7cgn622cqyz41hw4z07lv305pfk5n6r0-source/bin/../lib/gcc/riscv-none-elf/13.2.0/../../../../riscv-none-elf/lib/rv32imafc_zicsr/ilp32f/libg_nano.a(libc_a-wbuf.o)
 .riscv.attributes
                0x0000039e       0x42 /nix/store/7cgn622cqyz41hw4z07lv305pfk5n6r0-source/bin/../lib/gcc/riscv-none-elf/13.2.0/../../../../riscv-none-elf/lib/rv32imafc_zicsr/ilp32f/libg_nano.a(libc_a-wsetup.o)
 .riscv.attributes
                0x000003e0       0x42 /nix/store/7cgn622cqyz41hw4z07lv305pfk5n6r0-source/bin/../lib/gcc/riscv-none-elf/13.2.0/../../../../riscv-none-elf/lib/rv32imafc_zicsr/ilp32f/libg_nano.a(libc_a-impure.o)
 .riscv.attributes
                0x00000422       0x42 /nix/store/7cgn622cqyz41hw4z07lv305pfk5n6r0-source/bin/../lib/gcc/riscv-none-elf/13.2.0/../../../../riscv-none-elf/lib/rv32imafc_zicsr/ilp32f/libg_nano.a(libc_a-lock.o)
 .riscv.attributes
                0x00000464       0x40 /nix/store/7cgn622cqyz41hw4z07lv305pfk5n6r0-source/bin/../lib/gcc/riscv-none-elf/13.2.0/../../../../riscv-none-elf/lib/rv32imafc_zicsr/ilp32f/libg_nano.a(libc_a-memset.o)
 .riscv.attributes
                0x000004a4       0x42 /nix/store/7cgn622cqyz41hw4z07lv305pfk5n6r0-source/bin/../lib/gcc/riscv-none-elf/13.2.0/../../../../riscv-none-elf/lib/rv32imafc_zicsr/ilp32f/libg_nano.a(libc_a-freer.o)
 .riscv.attributes
                0x000004e6       0x42 /nix/store/7cgn622cqyz41hw4z07lv305pfk5n6r0-source/bin/../lib/gcc/riscv-none-elf/13.2.0/../../../../riscv-none-elf/lib/rv32imafc_zicsr/ilp32f/libg_nano.a(libc_a-mallocr.o)
 .riscv.attributes
                0x00000528       0x42 /nix/store/7cgn622cqyz41hw4z07lv305pfk5n6r0-source/bin/../lib/gcc/riscv-none-elf/13.2.0/../../../../riscv-none-elf/lib/rv32imafc_zicsr/ilp32f/libg_nano.a(libc_a-mlock.o)
 .riscv.attributes
                0x0000056a       0x42 /nix/store/7cgn622cqyz41hw4z07lv305pfk5n6r0-source/bin/../lib/gcc/riscv-none-elf/13.2.0/../../../../riscv-none-elf/lib/rv32imafc_zicsr/ilp32f/libg_nano.a(libc_a-nano-vfprintf.o)
 .riscv.attributes
                0x000005ac       0x42 /nix/store/7cgn622cqyz41hw4z07lv305pfk5n6r0-source/bin/../lib/gcc/riscv-none-elf/13.2.0/../../../../riscv-none-elf/lib/rv32imafc_zicsr/ilp32f/libg_nano.a(libc_a-nano-vfprintf_i.o)
 .riscv.attributes
                0x000005ee       0x42 /nix/store/7cgn622cqyz41hw4z07lv305pfk5n6r0-source/bin/../lib/gcc/riscv-none-elf/13.2.0/../../../../riscv-none-elf/lib/rv32imafc_zicsr/ilp32f/libg_nano.a(libc_a-fflush.o)
 .riscv.attributes
                0x00000630       0x42 /nix/store/7cgn622cqyz41hw4z07lv305pfk5n6r0-source/bin/../lib/gcc/riscv-none-elf/13.2.0/../../../../riscv-none-elf/lib/rv32imafc_zicsr/ilp32f/libg_nano.a(libc_a-findfp.o)
 .riscv.attributes
                0x00000672       0x42 /nix/store/7cgn622cqyz41hw4z07lv305pfk5n6r0-source/bin/../lib/gcc/riscv-none-elf/13.2.0/../../../../riscv-none-elf/lib/rv32imafc_zicsr/ilp32f/libg_nano.a(libc_a-fwalk.o)
 .riscv.attributes
                0x000006b4       0x42 /nix/store/7cgn622cqyz41hw4z07lv305pfk5n6r0-source/bin/../lib/gcc/riscv-none-elf/13.2.0/../../../../riscv-none-elf/lib/rv32imafc_zicsr/ilp32f/libg_nano.a(libc_a-makebuf.o)
 .riscv.attributes
                0x000006f6       0x42 /nix/store/7cgn622cqyz41hw4z07lv305pfk5n6r0-source/bin/../lib/gcc/riscv-none-elf/13.2.0/../../../../riscv-none-elf/lib/rv32imafc_zicsr/ilp32f/libg_nano.a(libc_a-stdio.o)
 .riscv.attributes
                0x00000738       0x42 /nix/store/7cgn622cqyz41hw4z07lv305pfk5n6r0-source/bin/../lib/gcc/riscv-none-elf/13.2.0/../../../../riscv-none-elf/lib/rv32imafc_zicsr/ilp32f/libg_nano.a(libc_a-memchr.o)
 .riscv.attributes
                0x0000077a       0x42 /nix/store/7cgn622cqyz41hw4z07lv305pfk5n6r0-source/bin/../lib/gcc/riscv-none-elf/13.2.0/../../../../riscv-none-elf/lib/rv32imafc_zicsr/ilp32f/libg_nano.a(libc_a-closer.o)
 .riscv.attributes
                0x000007bc       0x42 /nix/store/7cgn622cqyz41hw4z07lv305pfk5n6r0-source/bin/../lib/gcc/riscv-none-elf/13.2.0/../../../../riscv-none-elf/lib/rv32imafc_zicsr/ilp32f/libg_nano.a(libc_a-reent.o)
 .riscv.attributes
                0x000007fe       0x42 /nix/store/7cgn622cqyz41hw4z07lv305pfk5n6r0-source/bin/../lib/gcc/riscv-none-elf/13.2.0/../../../../riscv-none-elf/lib/rv32imafc_zicsr/ilp32f/libg_nano.a(libc_a-fstatr.o)
 .riscv.attributes
                0x00000840       0x42 /nix/store/7cgn622cqyz41hw4z07lv305pfk5n6r0-source/bin/../lib/gcc/riscv-none-elf/13.2.0/../../../../riscv-none-elf/lib/rv32imafc_zicsr/ilp32f/libg_nano.a(libc_a-isattyr.o)
 .riscv.attributes
                0x00000882       0x42 /nix/store/7cgn622cqyz41hw4z07lv305pfk5n6r0-source/bin/../lib/gcc/riscv-none-elf/13.2.0/../../../../riscv-none-elf/lib/rv32imafc_zicsr/ilp32f/libg_nano.a(libc_a-lseekr.o)
 .riscv.attributes
                0x000008c4       0x42 /nix/store/7cgn622cqyz41hw4z07lv305pfk5n6r0-source/bin/../lib/gcc/riscv-none-elf/13.2.0/../../../../riscv-none-elf/lib/rv32imafc_zicsr/ilp32f/libg_nano.a(libc_a-readr.o)
 .riscv.attributes
                0x00000906       0x42 /nix/store/7cgn622cqyz41hw4z07lv305pfk5n6r0-source/bin/../lib/gcc/riscv-none-elf/13.2.0/../../../../riscv-none-elf/lib/rv32imafc_zicsr/ilp32f/libg_nano.a(libc_a-sbrkr.o)
 .riscv.attributes
                0x00000948       0x42 /nix/store/7cgn622cqyz41hw4z07lv305pfk5n6r0-source/bin/../lib/gcc/riscv-none-elf/13.2.0/../../../../riscv-none-elf/lib/rv32imafc_zicsr/ilp32f/libg_nano.a(libc_a-writer.o)
 .riscv.attributes
                0x0000098a       0x42 /nix/store/7cgn622cqyz41hw4z07lv305pfk5n6r0-source/bin/../lib/gcc/riscv-none-elf/13.2.0/../../../../riscv-none-elf/lib/rv32imafc_zicsr/ilp32f/libnosys.a(close.o)
 .riscv.attributes
                0x000009cc       0x42 /nix/store/7cgn622cqyz41hw4z07lv305pfk5n6r0-source/bin/../lib/gcc/riscv-none-elf/13.2.0/../../../../riscv-none-elf/lib/rv32imafc_zicsr/ilp32f/libnosys.a(fstat.o)
 .riscv.attributes
                0x00000a0e       0x42 /nix/store/7cgn622cqyz41hw4z07lv305pfk5n6r0-source/bin/../lib/gcc/riscv-none-elf/13.2.0/../../../../riscv-none-elf/lib/rv32imafc_zicsr/ilp32f/libnosys.a(isatty.o)
 .riscv.attributes
                0x00000a50       0x42 /nix/store/7cgn622cqyz41hw4z07lv305pfk5n6r0-source/bin/../lib/gcc/riscv-none-elf/13.2.0/../../../../riscv-none-elf/lib/rv32imafc_zicsr/ilp32f/libnosys.a(lseek.o)
 .riscv.attributes
                0x00000a92       0x42 /nix/store/7cgn622cqyz41hw4z07lv305pfk5n6r0-source/bin/../lib/gcc/riscv-none-elf/13.2.0/../../../../riscv-none-elf/lib/rv32imafc_zicsr/ilp32f/libnosys.a(read.o)

.debug_frame    0x00000000      0xad4
 .debug_frame   0x00000000       0x2c ./build/./app/Core/main.c.o
 .debug_frame   0x0000002c       0xfc ./build/./app/USBHost_App/usb_host_app.c.o
 .debug_frame   0x00000128       0xc0 ./build/./vendor/openwch/Debug/debug.c.o
 .debug_frame   0x000001e8       0x30 ./build/./vendor/openwch/Peripheral/src/ch32v20x_misc.c.o
 .debug_frame   0x00000218      0x1f4 ./build/./vendor/openwch/Peripheral/src/ch32v20x_usart.c.o
 .debug_frame   0x0000040c      0x174 ./build/./vendor/openwch/Peripheral/src/ch32v20x_gpio.c.o
 .debug_frame   0x00000580      0x240 ./build/./vendor/openwch/Peripheral/src/ch32v20x_rcc.c.o
 .debug_frame   0x000007c0       0x3c ./build/./vendor/openwch/User/system_ch32v20x.c.o
 .debug_frame   0x000007fc       0x30 ./build/./vendor/openwch/User/ch32v20x_it.c.o
 .debug_frame   0x0000082c      0x2a8 ./build/./vendor/openwch/USB_Host/ch32v20x_usbfs_host.c.o

.debug_loclists
                0x00000000     0x1872
 .debug_loclists
                0x00000000      0x19a ./build/./app/USBHost_App/usb_host_app.c.o
 .debug_loclists
                0x0000019a      0x10d ./build/./vendor/openwch/Debug/debug.c.o
 .debug_loclists
                0x000002a7       0x25 ./build/./vendor/openwch/Peripheral/src/ch32v20x_misc.c.o
 .debug_loclists
                0x000002cc      0x534 ./build/./vendor/openwch/Peripheral/src/ch32v20x_usart.c.o
 .debug_loclists
                0x00000800      0x5dc ./build/./vendor/openwch/Peripheral/src/ch32v20x_gpio.c.o
 .debug_loclists
                0x00000ddc      0x430 ./build/./vendor/openwch/Peripheral/src/ch32v20x_rcc.c.o
 .debug_loclists
                0x0000120c       0x5e ./build/./vendor/openwch/User/system_ch32v20x.c.o
 .debug_loclists
                0x0000126a      0x608 ./build/./vendor/openwch/USB_Host/ch32v20x_usbfs_host.c.o
